VF000 0.0 90.0 3 1
VF001 0.0 270.0 3 1
VF002 1e-10 90.0 3 1
VF003 1e-10 270.0 3 1
VF004 1.0 90.0 3 1
VF005 1.0 270.0 3 1
VF006 45.0 90.0 1 1
VF007 45.0 90.0 2 2
VF008 45.0 90.0 3 1
VF009 45.0 90.0 3 2
VF010 45.0 90.0 11 1
VF011 45.0 270.0 1 1
VF012 45.0 270.0 2 2
VF013 45.0 270.0 3 1
VF014 45.0 270.0 3 2
VF015 45.0 270.0 11 1
VF016 89.9 90.0 3 1
VF017 89.9 270.0 3 1
VF018 90.0 90.0 3 1
VF019 90.0 90.0 11 2
VF020 90.0 270.0 3 1
VF021 90.0 270.0 11 2
VF022 90.00000000000001 90.0 3 1
VF023 90.00000000000001 270.0 3 1
VF024 90.00000001 90.0 3 1
VF025 90.00000001 270.0 3 1
VF026 100.0 90.0 3 1
VF027 100.0 270.0 3 1
VF028 120.0 90.0 1 1
VF029 120.0 90.0 2 2
VF030 120.0 90.0 3 1
VF031 120.0 90.0 3 2
VF032 120.0 90.0 11 1
VF033 120.0 270.0 1 1
VF034 120.0 270.0 2 2
VF035 120.0 270.0 3 1
VF036 120.0 270.0 3 2
VF037 120.0 270.0 11 1
VF038 150.0 90.0 3 1
VF039 150.0 270.0 3 1
VF040 179.0 90.0 3 1
VF041 179.0 270.0 3 1
VF042 179.9 90.0 3 1
VF043 179.9 270.0 3 1
VF044 179.99999999999997 90.0 3 1
VF045 179.99999999999997 270.0 3 1
VF046 180.0 90.0 1 1
VF047 180.0 90.0 2 2
VF048 180.0 90.0 3 1
VF049 180.0 90.0 3 2
VF050 180.0 90.0 11 1
VF051 180.0 270.0 1 1
VF052 180.0 270.0 2 2
VF053 180.0 270.0 3 1
VF054 180.0 270.0 3 2
VF055 180.0 270.0 11 1
VF056 179.9999999999 90.0 3 4
VF057 179.9999999999 270.0 3 4
VF058 179.999999999999 90.0 3 4
VF059 179.999999999999 270.0 3 4
VF060 179.9999999999999 90.0 3 4
VF061 179.9999999999999 270.0 3 4
VF062 179.99999999999997 90.0 3 4
VF063 179.99999999999997 270.0 3 4
VF064 180.0 90.0 3 4
VF065 180.0 270.0 3 4
